// Jest Snapshot v1, https://goo.gl/fbAQLP

exports[`when triggering the handler should have sent a message to the webhook 1`] = `
Object {
  "attachments": Array [
    Object {
      "blocks": Array [
        Object {
          "elements": Array [
            Object {
              "text": "Wort des Tages",
              "type": "mrkdwn",
            },
          ],
          "type": "context",
        },
        Object {
          "text": Object {
            "text": "<https://www.duden.de/rechtschreibung/einzig|*einzig*>   __
only, unique",
            "type": "mrkdwn",
          },
          "type": "section",
        },
        Object {
          "type": "divider",
        },
        Object {
          "text": Object {
            "text": "*Wir waren die einzigen GÃ¤ste.*
We were the only guests.",
            "type": "mrkdwn",
          },
          "type": "section",
        },
        Object {
          "text": Object {
            "text": "*Das war das einzige Mal, dass ich ihn gesehen habe.*
That was the only time I saw him.",
            "type": "mrkdwn",
          },
          "type": "section",
        },
      ],
      "color": "#3583f3",
    },
  ],
}
`;
